Main putting: 0
Thread putting: 0
Main putting: 1
Thread putting: 1
Main putting: 2
Main putting: 3
Thread putting: 2
Main putting: 4
Main putting: 5
Thread putting: 3
Thread putting: 4
Main putting: 6
Thread putting: 5
Main putting: 7
Main putting: 8
Thread putting: 6
Thread putting: 7
Main putting: 9
Thread putting: 8
Main putting: 10
Thread putting: 9
Thread putting: 10
Main putting: 11
Main putting: 12
Thread putting: 11
Thread putting: 12
Main putting: 13
Main putting: 14
Main putting: 15
Main putting: 16
Main putting: 17
Main putting: 18
Main putting: 19
Main putting: 20
Main putting: 21
Main putting: 22
Main putting: 23
Main putting: 24
Thread putting: 13
Main putting: 25
Thread putting: 14
Thread putting: 15
Main putting: 26
Main putting: 27
Thread putting: 16
Thread putting: 17
Main putting: 28
Thread putting: 18
Main putting: 29
Main putting: 30
Main putting: 31
Main putting: 32
Main putting: 33
Thread putting: 19
Main putting: 34
Main putting: 35
Main putting: 36
Thread putting: 20
Thread putting: 21
Main putting: 37
Thread putting: 22
Main putting: 38
Thread putting: 23
Main putting: 39
Thread putting: 24
Main putting: 40
Main putting: 41
Thread putting: 25
Thread putting: 26
Thread putting: 27
Main putting: 42
Main putting: 43
Thread putting: 28
Thread putting: 29
Main putting: 44
Main putting: 45
Thread putting: 30
Thread putting: 31
Thread putting: 32
Main putting: 46
Main putting: 47
Main putting: 48
Thread putting: 33
Thread putting: 34
Thread putting: 35
Thread putting: 36
Thread putting: 37
Thread putting: 38
Thread putting: 39
Main putting: 49
Thread putting: 40
Thread putting: 41
Thread putting: 42
Thread putting: 43
Thread putting: 44
Thread putting: 45
Thread putting: 46
Thread putting: 47
Thread putting: 48
Thread putting: 49
Main putting: 50
Thread putting: 50
Thread putting: 51
Thread putting: 52
Thread putting: 53
Thread putting: 54
Thread putting: 55
Thread putting: 56
Thread putting: 57
Thread putting: 58
Main putting: 51
Main putting: 52
Main putting: 53
Main putting: 54
Thread putting: 59
Main putting: 55
Main putting: 56
Main putting: 57
Thread putting: 60
Main putting: 58
Main putting: 59
Main putting: 60
Main putting: 61
Main putting: 62
Main putting: 63
Main putting: 64
Thread putting: 61
Thread putting: 62
Main putting: 65
Main putting: 66
Main putting: 67
Main putting: 68
Main putting: 69
Main putting: 70
Main putting: 71
Main putting: 72
Main putting: 73
Main putting: 74
Main putting: 75
Main putting: 76
Main putting: 77
Main putting: 78
Main putting: 79
Main putting: 80
Main putting: 81
Main putting: 82
Main putting: 83
Main putting: 84
Main putting: 85
Main putting: 86
Main putting: 87
Main putting: 88
Main putting: 89
Main putting: 90
Thread putting: 63
Main putting: 91
Main putting: 92
Thread putting: 64
Thread putting: 65
Thread putting: 66
Thread putting: 67
Thread putting: 68
Main putting: 93
Thread putting: 69
Thread putting: 70
Thread putting: 71
Thread putting: 72
Main putting: 94
Main putting: 95
Main putting: 96
Main putting: 97
Thread putting: 73
Main putting: 98
Thread putting: 74
Thread putting: 75
Main putting: 99
Thread putting: 76
Thread putting: 77
Thread putting: 78
Thread putting: 79
Thread putting: 80
Main putting: 100
Thread putting: 81
Thread putting: 82
Thread putting: 83
Main putting: 101
Thread putting: 84
Thread putting: 85
Thread putting: 86
Thread putting: 87
Thread putting: 88
Main putting: 102
Main putting: 103
Main putting: 104
Main putting: 105
Main putting: 106
Thread putting: 89
Thread putting: 90
Main putting: 107
Main putting: 108
Thread putting: 91
Thread putting: 92
Thread putting: 93
Thread putting: 94
Main putting: 109
Main putting: 110
Thread putting: 95
Thread putting: 96
Main putting: 111
Main putting: 112
Thread putting: 97
Thread putting: 98
Main putting: 113
Main putting: 114
Thread putting: 99
Thread putting: 100
Main putting: 115
Main putting: 116
Thread putting: 101
Thread putting: 102
Thread putting: 103
Thread putting: 104
Thread putting: 105
Thread putting: 106
Thread putting: 107
Thread putting: 108
Thread putting: 109
Thread putting: 110
Thread putting: 111
Thread putting: 112
Thread putting: 113
Thread putting: 114
Thread putting: 115
Thread putting: 116
Thread putting: 117
Thread putting: 118
Thread putting: 119
Thread putting: 120
Thread putting: 121
Thread putting: 122
Thread putting: 123
Thread putting: 124
Thread putting: 125
Thread putting: 126
Main putting: 117
Main putting: 118
Main putting: 119
Main putting: 120
Main putting: 121
Main putting: 122
Main putting: 123
Main putting: 124
Main putting: 125
Main putting: 126
Main putting: 127
Main putting: 128
Main putting: 129
Main putting: 130
Main putting: 131
Main putting: 132
Main putting: 133
Thread putting: 127
Thread putting: 128
Thread putting: 129
Thread putting: 130
Thread putting: 131
Main putting: 134
Main putting: 135
Thread putting: 132
Main putting: 136
Thread putting: 133
Thread putting: 134
Thread putting: 135
Thread putting: 136
Thread putting: 137
Thread putting: 138
Main putting: 137
Main putting: 138
Thread putting: 139
Main putting: 139
Main putting: 140
Main putting: 141
Main putting: 142
Main putting: 143
Main putting: 144
Thread putting: 140
Thread putting: 141
Main putting: 145
Main putting: 146
Main putting: 147
Main putting: 148
Main putting: 149
Main putting: 150
Main putting: 151
Main putting: 152
Main putting: 153
Main putting: 154
Main putting: 155
Main putting: 156
Main putting: 157
Main putting: 158
Main putting: 159
Main putting: 160
Main putting: 161
Main putting: 162
Main putting: 163
Main putting: 164
Main putting: 165
Main putting: 166
Main putting: 167
Main putting: 168
Main putting: 169
Thread putting: 142
Thread putting: 143
Thread putting: 144
Thread putting: 145
Thread putting: 146
Thread putting: 147
Thread putting: 148
Thread putting: 149
Thread putting: 150
Thread putting: 151
Thread putting: 152
Thread putting: 153
Thread putting: 154
Thread putting: 155
Thread putting: 156
Thread putting: 157
Thread putting: 158
Thread putting: 159
Thread putting: 160
Thread putting: 161
Thread putting: 162
Thread putting: 163
Thread putting: 164
Thread putting: 165
Thread putting: 166
Thread putting: 167
Thread putting: 168
Thread putting: 169
Thread putting: 170
Thread putting: 171
Thread putting: 172
Thread putting: 173
Thread putting: 174
Thread putting: 175
Main putting: 170
Main putting: 171
Thread putting: 176
Thread putting: 177
Thread putting: 178
Thread putting: 179
Thread putting: 180
Thread putting: 181
Thread putting: 182
Thread putting: 183
Thread putting: 184
Main putting: 172
Main putting: 173
Thread putting: 185
Main putting: 174
Main putting: 175
Thread putting: 186
Thread putting: 187
Thread putting: 188
Thread putting: 189
Thread putting: 190
Thread putting: 191
Thread putting: 192
Main putting: 176
Thread putting: 193
Main putting: 177
Main putting: 178
Main putting: 179
Main putting: 180
Main putting: 181
Main putting: 182
Thread putting: 194
Thread putting: 195
Main putting: 183
Main putting: 184
Main putting: 185
Thread putting: 196
Thread putting: 197
Thread putting: 198
Main putting: 186
Main putting: 187
Main putting: 188
Thread putting: 199
Thread putting: 200
Thread putting: 201
Thread putting: 202
Thread putting: 203
Thread putting: 204
Thread putting: 205
Main putting: 189
Main putting: 190
Main putting: 191
Main putting: 192
Main putting: 193
Thread putting: 206
Thread putting: 207
Thread putting: 208
Main putting: 194
Main putting: 195
Main putting: 196
Thread putting: 209
Main putting: 197
Main putting: 198
Main putting: 199
Main putting: 200
Main putting: 201
Main putting: 202
Main putting: 203
Main putting: 204
Main putting: 205
Thread putting: 210
Thread putting: 211
Thread putting: 212
Thread putting: 213
Thread putting: 214
Main putting: 206
Main putting: 207
Main putting: 208
Main putting: 209
Main putting: 210
Main putting: 211
Thread putting: 215
Thread putting: 216
Main putting: 212
Main putting: 213
Main putting: 214
Thread putting: 217
Thread putting: 218
Thread putting: 219
Main putting: 215
Main putting: 216
Main putting: 217
Main putting: 218
Main putting: 219
Main putting: 220
Thread putting: 220
Thread putting: 221
Thread putting: 222
Thread putting: 223
Thread putting: 224
Thread putting: 225
Thread putting: 226
Thread putting: 227
Main putting: 221
Main putting: 222
Main putting: 223
Thread putting: 228
Thread putting: 229
Thread putting: 230
Thread putting: 231
Thread putting: 232
Thread putting: 233
Main putting: 224
Main putting: 225
Thread putting: 234
Thread putting: 235
Thread putting: 236
Main putting: 226
Main putting: 227
Main putting: 228
Thread putting: 237
Thread putting: 238
Thread putting: 239
Main putting: 229
Thread putting: 240
Thread putting: 241
Thread putting: 242
Thread putting: 243
Thread putting: 244
Thread putting: 245
Main putting: 230
Main putting: 231
Thread putting: 246
Thread putting: 247
Thread putting: 248
Main putting: 232
Main putting: 233
Main putting: 234
Thread putting: 249
Thread putting: 250
Thread putting: 251
Thread putting: 252
Thread putting: 253
Thread putting: 254
Main putting: 235
Main putting: 236
Thread putting: 255
Thread putting: 256
Thread putting: 257
Main putting: 237
Main putting: 238
Main putting: 239
Thread putting: 258
Thread putting: 259
Thread putting: 260
Thread putting: 261
Thread putting: 262
Thread putting: 263
Main putting: 240
Main putting: 241
Main putting: 242
Main putting: 243
Main putting: 244
Thread putting: 264
Thread putting: 265
Thread putting: 266
Thread putting: 267
Thread putting: 268
Thread putting: 269
Main putting: 245
Main putting: 246
Main putting: 247
Main putting: 248
Main putting: 249
Thread putting: 270
Thread putting: 271
Thread putting: 272
Thread putting: 273
Thread putting: 274
Thread putting: 275
Main putting: 250
Main putting: 251
Main putting: 252
Main putting: 253
Main putting: 254
Thread putting: 276
Thread putting: 277
Thread putting: 278
Thread putting: 279
Thread putting: 280
Thread putting: 281
Main putting: 255
Main putting: 256
Main putting: 257
Main putting: 258
Main putting: 259
Thread putting: 282
Thread putting: 283
Thread putting: 284
Thread putting: 285
Thread putting: 286
Thread putting: 287
Main putting: 260
Main putting: 261
Main putting: 262
Main putting: 263
Main putting: 264
Thread putting: 288
Thread putting: 289
Thread putting: 290
Main putting: 265
Main putting: 266
Main putting: 267
Main putting: 268
Main putting: 269
Thread putting: 291
Thread putting: 292
Thread putting: 293
Main putting: 270
Main putting: 271
Main putting: 272
Main putting: 273
Main putting: 274
Main putting: 275
Thread putting: 294
Thread putting: 295
Thread putting: 296
Thread putting: 297
Thread putting: 298
Main putting: 276
Main putting: 277
Main putting: 278
Main putting: 279
Main putting: 280
Thread putting: 299
Thread putting: 300
Thread putting: 301
Main putting: 281
Main putting: 282
Main putting: 283
Main putting: 284
Main putting: 285
Main putting: 286
Thread putting: 302
Thread putting: 303
Thread putting: 304
Thread putting: 305
Thread putting: 306
Main putting: 287
Main putting: 288
Main putting: 289
Main putting: 290
Main putting: 291
Main putting: 292
Thread putting: 307
Thread putting: 308
Thread putting: 309
Thread putting: 310
Thread putting: 311
Main putting: 293
Main putting: 294
Main putting: 295
Main putting: 296
Main putting: 297
Main putting: 298
Main putting: 299
Main putting: 300
Main putting: 301
Main putting: 302
Main putting: 303
Main putting: 304
Main putting: 305
Main putting: 306
Main putting: 307
Main putting: 308
Main putting: 309
Thread putting: 312
Thread putting: 313
Thread putting: 314
Thread putting: 315
Thread putting: 316
Main putting: 310
Main putting: 311
Main putting: 312
Thread putting: 317
Thread putting: 318
Thread putting: 319
Thread putting: 320
Thread putting: 321
Thread putting: 322
Thread putting: 323
Thread putting: 324
Thread putting: 325
Thread putting: 326
Thread putting: 327
Thread putting: 328
Thread putting: 329
Thread putting: 330
Thread putting: 331
Main putting: 313
Main putting: 314
Main putting: 315
Main putting: 316
Main putting: 317
Main putting: 318
Main putting: 319
Main putting: 320
Main putting: 321
Main putting: 322
Main putting: 323
Main putting: 324
Main putting: 325
Thread putting: 332
Thread putting: 333
Thread putting: 334
Thread putting: 335
Thread putting: 336
Main putting: 326
Main putting: 327
Thread putting: 337
Thread putting: 338
Main putting: 328
Main putting: 329
Main putting: 330
Main putting: 331
Main putting: 332
Main putting: 333
Main putting: 334
Main putting: 335
Main putting: 336
Main putting: 337
Main putting: 338
Main putting: 339
Thread putting: 339
Thread putting: 340
Thread putting: 341
Thread putting: 342
Thread putting: 343
Thread putting: 344
Main putting: 340
Main putting: 341
Thread putting: 345
Thread putting: 346
Thread putting: 347
Thread putting: 348
Thread putting: 349
Main putting: 342
Main putting: 343
Main putting: 344
Main putting: 345
Main putting: 346
Main putting: 347
Main putting: 348
Thread putting: 350
Thread putting: 351
Thread putting: 352
Thread putting: 353
Thread putting: 354
Main putting: 349
Main putting: 350
Main putting: 351
Main putting: 352
Main putting: 353
Thread putting: 355
Thread putting: 356
Main putting: 354
Main putting: 355
Thread putting: 357
Thread putting: 358
Thread putting: 359
Thread putting: 360
Thread putting: 361
Thread putting: 362
Thread putting: 363
Main putting: 356
Main putting: 357
Main putting: 358
Main putting: 359
Main putting: 360
Thread putting: 364
Thread putting: 365
Thread putting: 366
Thread putting: 367
Thread putting: 368
Main putting: 361
Main putting: 362
Main putting: 363
Main putting: 364
Main putting: 365
Thread putting: 369
Main putting: 366
Main putting: 367
Main putting: 368
Main putting: 369
Main putting: 370
Main putting: 371
Main putting: 372
Main putting: 373
Main putting: 374
Main putting: 375
Main putting: 376
Main putting: 377
Thread putting: 370
Thread putting: 371
Thread putting: 372
Thread putting: 373
Thread putting: 374
Thread putting: 375
Main putting: 378
Main putting: 379
Main putting: 380
Thread putting: 376
Thread putting: 377
Thread putting: 378
Main putting: 381
Main putting: 382
Main putting: 383
Thread putting: 379
Thread putting: 380
Thread putting: 381
Thread putting: 382
Thread putting: 383
Thread putting: 384
Main putting: 384
Main putting: 385
Main putting: 386
Main putting: 387
Main putting: 388
Main putting: 389
Thread putting: 385
Thread putting: 386
Thread putting: 387
Main putting: 390
Main putting: 391
Main putting: 392
Thread putting: 388
Thread putting: 389
Thread putting: 390
Thread putting: 391
Thread putting: 392
Main putting: 393
Main putting: 394
Main putting: 395
Thread putting: 393
Thread putting: 394
Thread putting: 395
Main putting: 396
Main putting: 397
Main putting: 398
Main putting: 399
Main putting: 400
Main putting: 401
Thread putting: 396
Thread putting: 397
Thread putting: 398
Thread putting: 399
Thread putting: 400
Main putting: 402
Main putting: 403
Main putting: 404
Main putting: 405
Main putting: 406
Thread putting: 401
Thread putting: 402
Thread putting: 403
Main putting: 407
Main putting: 408
Main putting: 409
Thread putting: 404
Thread putting: 405
Thread putting: 406
Thread putting: 407
Thread putting: 408
Thread putting: 409
Main putting: 410
Main putting: 411
Thread putting: 410
Thread putting: 411
Thread putting: 412
Main putting: 412
Main putting: 413
Main putting: 414
Main putting: 415
Main putting: 416
Thread putting: 413
Thread putting: 414
Thread putting: 415
Main putting: 417
Main putting: 418
Main putting: 419
Main putting: 420
Main putting: 421
Main putting: 422
Main putting: 423
Main putting: 424
Thread putting: 416
Thread putting: 417
Thread putting: 418
Thread putting: 419
Thread putting: 420
Thread putting: 421
Main putting: 425
Main putting: 426
Main putting: 427
Main putting: 428
Main putting: 429
Thread putting: 422
Thread putting: 423
Thread putting: 424
Thread putting: 425
Thread putting: 426
Main putting: 430
Main putting: 431
Main putting: 432
Main putting: 433
Main putting: 434
Main putting: 435
Main putting: 436
Main putting: 437
Main putting: 438
Main putting: 439
Main putting: 440
Main putting: 441
Thread putting: 427
Thread putting: 428
Thread putting: 429
Thread putting: 430
Thread putting: 431
Thread putting: 432
Main putting: 442
Main putting: 443
Main putting: 444
Main putting: 445
Main putting: 446
Main putting: 447
Thread putting: 433
Thread putting: 434
Main putting: 448
Main putting: 449
Main putting: 450
Thread putting: 435
Thread putting: 436
Thread putting: 437
Main putting: 451
Main putting: 452
Main putting: 453
Main putting: 454
Main putting: 455
Main putting: 456
Thread putting: 438
Thread putting: 439
Thread putting: 440
Thread putting: 441
Thread putting: 442
Thread putting: 443
Main putting: 457
Main putting: 458
Main putting: 459
Thread putting: 444
Thread putting: 445
Thread putting: 446
Thread putting: 447
Thread putting: 448
Thread putting: 449
Main putting: 460
Main putting: 461
Thread putting: 450
Thread putting: 451
Thread putting: 452
Main putting: 462
Main putting: 463
Main putting: 464
Thread putting: 453
Thread putting: 454
Thread putting: 455
Thread putting: 456
Thread putting: 457
Thread putting: 458
Thread putting: 459
Thread putting: 460
Thread putting: 461
Thread putting: 462
Thread putting: 463
Thread putting: 464
Main putting: 465
Main putting: 466
Main putting: 467
Main putting: 468
Main putting: 469
Main putting: 470
Main putting: 471
Thread putting: 465
Thread putting: 466
Thread putting: 467
Thread putting: 468
Thread putting: 469
Thread putting: 470
Main putting: 472
Main putting: 473
Main putting: 474
Thread putting: 471
Thread putting: 472
Thread putting: 473
Thread putting: 474
Thread putting: 475
Main putting: 475
Main putting: 476
Main putting: 477
Main putting: 478
Main putting: 479
Thread putting: 476
Thread putting: 477
Thread putting: 478
Thread putting: 479
Thread putting: 480
Thread putting: 481
Main putting: 480
Main putting: 481
Main putting: 482
Main putting: 483
Main putting: 484
Main putting: 485
Thread putting: 482
Thread putting: 483
Main putting: 486
Main putting: 487
Main putting: 488
Thread putting: 484
Main putting: 489
Main putting: 490
Main putting: 491
Main putting: 492
Main putting: 493
Main putting: 494
Main putting: 495
Thread putting: 485
Thread putting: 486
Main putting: 496
Main putting: 497
Main putting: 498
Thread putting: 487
Thread putting: 488
Thread putting: 489
Thread putting: 490
Thread putting: 491
Thread putting: 492
Main putting: 499
Main putting: 500
Thread putting: 493
Thread putting: 494
Thread putting: 495
Main putting: 501
Main putting: 502
Main putting: 503
Main putting: 504
Main putting: 505
Main putting: 506
Thread putting: 496
Thread putting: 497
Main putting: 507
Main putting: 508
Main putting: 509
Thread putting: 498
Main putting: 510
Main putting: 511
Main putting: 512
Main putting: 513
Main putting: 514
Main putting: 515
Main putting: 516
Main putting: 517
Main putting: 518
Thread putting: 499
Thread putting: 500
Main putting: 519
Main putting: 520
Main putting: 521
Main putting: 522
Main putting: 523
Main putting: 524
Main putting: 525
Thread putting: 501
Thread putting: 502
Main putting: 526
Main putting: 527
Main putting: 528
Thread putting: 503
Main putting: 529
Main putting: 530
Main putting: 531
Main putting: 532
Main putting: 533
Main putting: 534
Main putting: 535
Thread putting: 504
Thread putting: 505
Main putting: 536
Main putting: 537
Main putting: 538
Thread putting: 506
Thread putting: 507
Thread putting: 508
Thread putting: 509
Thread putting: 510
Thread putting: 511
Thread putting: 512
Thread putting: 513
Thread putting: 514
Thread putting: 515
Thread putting: 516
Main putting: 539
Main putting: 540
Main putting: 541
Main putting: 542
Thread putting: 517
Thread putting: 518
Thread putting: 519
Thread putting: 520
Thread putting: 521
Thread putting: 522
Thread putting: 523
Thread putting: 524
Thread putting: 525
Main putting: 543
Thread putting: 526
Thread putting: 527
Thread putting: 528
Thread putting: 529
Thread putting: 530
Main putting: 544
Main putting: 545
Thread putting: 531
Thread putting: 532
Thread putting: 533
Main putting: 546
Main putting: 547
Main putting: 548
Main putting: 549
Main putting: 550
Thread putting: 534
Thread putting: 535
Thread putting: 536
Thread putting: 537
Thread putting: 538
Main putting: 551
Main putting: 552
Main putting: 553
Main putting: 554
Main putting: 555
Main putting: 556
Main putting: 557
Main putting: 558
Main putting: 559
Main putting: 560
Main putting: 561
Thread putting: 539
Thread putting: 540
Thread putting: 541
Thread putting: 542
Thread putting: 543
Main putting: 562
Main putting: 563
Main putting: 564
Thread putting: 544
Thread putting: 545
Thread putting: 546
Thread putting: 547
Thread putting: 548
Thread putting: 549
Main putting: 565
Main putting: 566
Main putting: 567
Main putting: 568
Main putting: 569
Main putting: 570
Thread putting: 550
Thread putting: 551
Main putting: 571
Main putting: 572
Main putting: 573
Thread putting: 552
Thread putting: 553
Thread putting: 554
Thread putting: 555
Thread putting: 556
Thread putting: 557
Thread putting: 558
Thread putting: 559
Main putting: 574
Main putting: 575
Thread putting: 560
Thread putting: 561
Thread putting: 562
Thread putting: 563
Thread putting: 564
Thread putting: 565
Thread putting: 566
Thread putting: 567
Main putting: 576
Main putting: 577
Main putting: 578
Main putting: 579
Main putting: 580
Main putting: 581
Thread putting: 568
Thread putting: 569
Thread putting: 570
Thread putting: 571
Thread putting: 572
Main putting: 582
Main putting: 583
Main putting: 584
Main putting: 585
Main putting: 586
Thread putting: 573
Main putting: 587
Main putting: 588
Main putting: 589
Main putting: 590
Main putting: 591
Main putting: 592
Thread putting: 574
Thread putting: 575
Main putting: 593
Main putting: 594
Main putting: 595
Thread putting: 576
Thread putting: 577
Thread putting: 578
Thread putting: 579
Thread putting: 580
Thread putting: 581
Thread putting: 582
Thread putting: 583
Main putting: 596
Main putting: 597
Main putting: 598
Thread putting: 584
Thread putting: 585
Thread putting: 586
Thread putting: 587
Thread putting: 588
Main putting: 599
Main putting: 600
Main putting: 601
Main putting: 602
Main putting: 603
Main putting: 604
Main putting: 605
Main putting: 606
Main putting: 607
Main putting: 608
Main putting: 609
Main putting: 610
Main putting: 611
Main putting: 612
Thread putting: 589
Thread putting: 590
Thread putting: 591
Thread putting: 592
Thread putting: 593
Main putting: 613
Main putting: 614
Main putting: 615
Main putting: 616
Main putting: 617
Thread putting: 594
Thread putting: 595
Thread putting: 596
Thread putting: 597
Thread putting: 598
Main putting: 618
Main putting: 619
Main putting: 620
Main putting: 621
Main putting: 622
Main putting: 623
Main putting: 624
Thread putting: 599
Thread putting: 600
Thread putting: 601
Main putting: 625
Thread putting: 602
Thread putting: 603
Thread putting: 604
Thread putting: 605
Thread putting: 606
Thread putting: 607
Thread putting: 608
Thread putting: 609
Main putting: 626
Main putting: 627
Thread putting: 610
Thread putting: 611
Thread putting: 612
Thread putting: 613
Thread putting: 614
Thread putting: 615
Main putting: 628
Main putting: 629
Thread putting: 616
Thread putting: 617
Thread putting: 618
Thread putting: 619
Thread putting: 620
Thread putting: 621
Thread putting: 622
Thread putting: 623
Main putting: 630
Main putting: 631
Thread putting: 624
Thread putting: 625
Thread putting: 626
Main putting: 632
Thread putting: 627
Thread putting: 628
Thread putting: 629
Thread putting: 630
Thread putting: 631
Thread putting: 632
Thread putting: 633
Thread putting: 634
Main putting: 633
Main putting: 634
Thread putting: 635
Thread putting: 636
Thread putting: 637
Main putting: 635
Main putting: 636
Main putting: 637
Main putting: 638
Main putting: 639
Main putting: 640
Thread putting: 638
Thread putting: 639
Main putting: 641
Main putting: 642
Main putting: 643
Thread putting: 640
Thread putting: 641
Thread putting: 642
Thread putting: 643
Thread putting: 644
Thread putting: 645
Main putting: 644
Main putting: 645
Thread putting: 646
Thread putting: 647
Thread putting: 648
Thread putting: 649
Thread putting: 650
Thread putting: 651
Thread putting: 652
Thread putting: 653
Main putting: 646
Main putting: 647
Thread putting: 654
Thread putting: 655
Thread putting: 656
Thread putting: 657
Main putting: 648
Main putting: 649
Thread putting: 658
Thread putting: 659
Main putting: 650
Main putting: 651
Main putting: 652
Main putting: 653
Main putting: 654
Main putting: 655
Main putting: 656
Main putting: 657
Main putting: 658
Main putting: 659
Main putting: 660
Main putting: 661
Main putting: 662
Main putting: 663
Main putting: 664
Main putting: 665
Main putting: 666
Main putting: 667
Main putting: 668
Main putting: 669
Main putting: 670
Main putting: 671
Main putting: 672
Main putting: 673
Main putting: 674
Main putting: 675
Main putting: 676
Main putting: 677
Main putting: 678
Main putting: 679
Main putting: 680
Main putting: 681
Main putting: 682
Main putting: 683
Main putting: 684
Main putting: 685
Main putting: 686
Main putting: 687
Main putting: 688
Main putting: 689
Main putting: 690
Main putting: 691
Main putting: 692
Main putting: 693
Main putting: 694
Main putting: 695
Main putting: 696
Main putting: 697
Main putting: 698
Main putting: 699
Main putting: 700
Main putting: 701
Main putting: 702
Main putting: 703
Main putting: 704
Main putting: 705
Main putting: 706
Main putting: 707
Main putting: 708
Main putting: 709
Main putting: 710
Main putting: 711
Main putting: 712
Main putting: 713
Main putting: 714
Main putting: 715
Main putting: 716
Main putting: 717
Thread putting: 660
Main putting: 718
Thread putting: 661
Thread putting: 662
Thread putting: 663
Thread putting: 664
Thread putting: 665
Thread putting: 666
Thread putting: 667
Thread putting: 668
Main putting: 719
Main putting: 720
Thread putting: 669
Thread putting: 670
Thread putting: 671
Thread putting: 672
Thread putting: 673
Thread putting: 674
Thread putting: 675
Thread putting: 676
Main putting: 721
Main putting: 722
Thread putting: 677
Thread putting: 678
Thread putting: 679
Main putting: 723
Main putting: 724
Main putting: 725
Main putting: 726
Main putting: 727
Thread putting: 680
Thread putting: 681
Thread putting: 682
Thread putting: 683
Thread putting: 684
Thread putting: 685
Thread putting: 686
Main putting: 728
Main putting: 729
Main putting: 730
Main putting: 731
Main putting: 732
Main putting: 733
Thread putting: 687
Thread putting: 688
Main putting: 734
Main putting: 735
Main putting: 736
Thread putting: 689
Thread putting: 690
Thread putting: 691
Thread putting: 692
Thread putting: 693
Thread putting: 694
Thread putting: 695
Thread putting: 696
Main putting: 737
Main putting: 738
Thread putting: 697
Thread putting: 698
Thread putting: 699
Thread putting: 700
Thread putting: 701
Thread putting: 702
Main putting: 739
Main putting: 740
Thread putting: 703
Thread putting: 704
Thread putting: 705
Thread putting: 706
Thread putting: 707
Thread putting: 708
Thread putting: 709
Thread putting: 710
Main putting: 741
Main putting: 742
Thread putting: 711
Thread putting: 712
Thread putting: 713
Thread putting: 714
Thread putting: 715
Thread putting: 716
Main putting: 743
Main putting: 744
Main putting: 745
Main putting: 746
Main putting: 747
Main putting: 748
Main putting: 749
Main putting: 750
Thread putting: 717
Thread putting: 718
Main putting: 751
Main putting: 752
Main putting: 753
Main putting: 754
Main putting: 755
Thread putting: 719
Thread putting: 720
Thread putting: 721
Thread putting: 722
Thread putting: 723
Thread putting: 724
Thread putting: 725
Thread putting: 726
Thread putting: 727
Thread putting: 728
Main putting: 756
Main putting: 757
Thread putting: 729
Thread putting: 730
Thread putting: 731
Thread putting: 732
Thread putting: 733
Thread putting: 734
Thread putting: 735
Thread putting: 736
Main putting: 758
Main putting: 759
Thread putting: 737
Thread putting: 738
Thread putting: 739
Thread putting: 740
Thread putting: 741
Thread putting: 742
Thread putting: 743
Thread putting: 744
Main putting: 760
Main putting: 761
Thread putting: 745
Thread putting: 746
Thread putting: 747
Thread putting: 748
Thread putting: 749
Thread putting: 750
Thread putting: 751
Thread putting: 752
Main putting: 762
Main putting: 763
Thread putting: 753
Thread putting: 754
Thread putting: 755
Thread putting: 756
Thread putting: 757
Thread putting: 758
Thread putting: 759
Thread putting: 760
Thread putting: 761
Thread putting: 762
Main putting: 764
Main putting: 765
Thread putting: 763
Thread putting: 764
Thread putting: 765
Main putting: 766
Main putting: 767
Main putting: 768
Main putting: 769
Main putting: 770
Thread putting: 766
Thread putting: 767
Thread putting: 768
Thread putting: 769
Thread putting: 770
Thread putting: 771
Thread putting: 772
Thread putting: 773
Thread putting: 774
Thread putting: 775
Main putting: 771
Main putting: 772
Thread putting: 776
Thread putting: 777
Thread putting: 778
Thread putting: 779
Thread putting: 780
Thread putting: 781
Thread putting: 782
Thread putting: 783
Main putting: 773
Main putting: 774
Thread putting: 784
Thread putting: 785
Thread putting: 786
Thread putting: 787
Thread putting: 788
Thread putting: 789
Thread putting: 790
Thread putting: 791
Main putting: 775
Main putting: 776
Thread putting: 792
Thread putting: 793
Thread putting: 794
Thread putting: 795
Thread putting: 796
Thread putting: 797
Thread putting: 798
Thread putting: 799
Main putting: 777
Main putting: 778
Thread putting: 800
Thread putting: 801
Thread putting: 802
Thread putting: 803
Thread putting: 804
Thread putting: 805
Thread putting: 806
Thread putting: 807
Main putting: 779
Main putting: 780
Thread putting: 808
Thread putting: 809
Thread putting: 810
Thread putting: 811
Thread putting: 812
Thread putting: 813
Main putting: 781
Main putting: 782
Thread putting: 814
Thread putting: 815
Thread putting: 816
Thread putting: 817
Thread putting: 818
Thread putting: 819
Thread putting: 820
Thread putting: 821
Main putting: 783
Main putting: 784
Thread putting: 822
Thread putting: 823
Thread putting: 824
Thread putting: 825
Thread putting: 826
Thread putting: 827
Thread putting: 828
Thread putting: 829
Main putting: 785
Main putting: 786
Thread putting: 830
Thread putting: 831
Thread putting: 832
Thread putting: 833
Thread putting: 834
Thread putting: 835
Thread putting: 836
Thread putting: 837
Main putting: 787
Main putting: 788
Thread putting: 838
Thread putting: 839
Thread putting: 840
Thread putting: 841
Thread putting: 842
Thread putting: 843
Thread putting: 844
Thread putting: 845
Main putting: 789
Main putting: 790
Thread putting: 846
Thread putting: 847
Thread putting: 848
Thread putting: 849
Thread putting: 850
Thread putting: 851
Thread putting: 852
Thread putting: 853
Main putting: 791
Main putting: 792
Thread putting: 854
Thread putting: 855
Thread putting: 856
Thread putting: 857
Thread putting: 858
Thread putting: 859
Thread putting: 860
Thread putting: 861
Main putting: 793
Main putting: 794
Thread putting: 862
Thread putting: 863
Thread putting: 864
Thread putting: 865
Thread putting: 866
Thread putting: 867
Thread putting: 868
Thread putting: 869
Main putting: 795
Main putting: 796
Thread putting: 870
Thread putting: 871
Thread putting: 872
Thread putting: 873
Thread putting: 874
Thread putting: 875
Thread putting: 876
Thread putting: 877
Main putting: 797
Main putting: 798
Thread putting: 878
Thread putting: 879
Thread putting: 880
Thread putting: 881
Thread putting: 882
Thread putting: 883
Thread putting: 884
Thread putting: 885
Main putting: 799
Main putting: 800
Thread putting: 886
Thread putting: 887
Thread putting: 888
Thread putting: 889
Thread putting: 890
Thread putting: 891
Thread putting: 892
Thread putting: 893
Main putting: 801
Main putting: 802
Thread putting: 894
Thread putting: 895
Thread putting: 896
Thread putting: 897
Thread putting: 898
Thread putting: 899
Thread putting: 900
Thread putting: 901
Main putting: 803
Main putting: 804
Thread putting: 902
Thread putting: 903
Thread putting: 904
Thread putting: 905
Thread putting: 906
Thread putting: 907
Thread putting: 908
Thread putting: 909
Main putting: 805
Main putting: 806
Thread putting: 910
Thread putting: 911
Thread putting: 912
Thread putting: 913
Thread putting: 914
Thread putting: 915
Thread putting: 916
Thread putting: 917
Thread putting: 918
Thread putting: 919
Main putting: 807
Main putting: 808
Thread putting: 920
Thread putting: 921
Thread putting: 922
Thread putting: 923
Thread putting: 924
Thread putting: 925
Thread putting: 926
Thread putting: 927
Thread putting: 928
Main putting: 809
Main putting: 810
Main putting: 811
Main putting: 812
Main putting: 813
Main putting: 814
Thread putting: 929
Thread putting: 930
Main putting: 815
Main putting: 816
Main putting: 817
Main putting: 818
Main putting: 819
Thread putting: 931
Thread putting: 932
Thread putting: 933
Thread putting: 934
Thread putting: 935
Thread putting: 936
Thread putting: 937
Thread putting: 938
Main putting: 820
Main putting: 821
Main putting: 822
Main putting: 823
Main putting: 824
Main putting: 825
Main putting: 826
Main putting: 827
Thread putting: 939
Thread putting: 940
Main putting: 828
Main putting: 829
Main putting: 830
Main putting: 831
Main putting: 832
Thread putting: 941
Thread putting: 942
Thread putting: 943
Thread putting: 944
Thread putting: 945
Thread putting: 946
Thread putting: 947
Thread putting: 948
Main putting: 833
Main putting: 834
Thread putting: 949
Thread putting: 950
Thread putting: 951
Thread putting: 952
Thread putting: 953
Thread putting: 954
Thread putting: 955
Thread putting: 956
Main putting: 835
Main putting: 836
Thread putting: 957
Thread putting: 958
Thread putting: 959
Thread putting: 960
Thread putting: 961
Thread putting: 962
Main putting: 837
Main putting: 838
Main putting: 839
Main putting: 840
Main putting: 841
Main putting: 842
Main putting: 843
Main putting: 844
Main putting: 845
Main putting: 846
Main putting: 847
Main putting: 848
Thread putting: 963
Thread putting: 964
Thread putting: 965
Thread putting: 966
Thread putting: 967
Thread putting: 968
Main putting: 849
Main putting: 850
Main putting: 851
Main putting: 852
Main putting: 853
Thread putting: 969
Thread putting: 970
Thread putting: 971
Thread putting: 972
Thread putting: 973
Thread putting: 974
Thread putting: 975
Main putting: 854
Main putting: 855
Main putting: 856
Thread putting: 976
Thread putting: 977
Thread putting: 978
Main putting: 857
Thread putting: 979
Thread putting: 980
Thread putting: 981
Thread putting: 982
Thread putting: 983
Thread putting: 984
Thread putting: 985
Thread putting: 986
Thread putting: 987
Thread putting: 988
Thread putting: 989
Thread putting: 990
Thread putting: 991
Thread putting: 992
Thread putting: 993
Main putting: 858
Thread putting: 994
Thread putting: 995
Thread putting: 996
Main putting: 859
Main putting: 860
Main putting: 861
Main putting: 862
Main putting: 863
Main putting: 864
Main putting: 865
Main putting: 866
Thread putting: 997
Thread putting: 998
Thread putting: 999
Main putting: 867
Main putting: 868
Main putting: 869
Main putting: 870
Main putting: 871
Main putting: 872
Main putting: 873
Main putting: 874
Main putting: 875
Main putting: 876
Main putting: 877
Main putting: 878
Main putting: 879
Main putting: 880
Main putting: 881
Main putting: 882
Main putting: 883
Main putting: 884
Main putting: 885
Main putting: 886
Main putting: 887
Main putting: 888
Main putting: 889
Main putting: 890
Main putting: 891
Main putting: 892
Main putting: 893
Main putting: 894
Main putting: 895
Main putting: 896
Main putting: 897
Main putting: 898
Main putting: 899
Main putting: 900
Main putting: 901
Main putting: 902
Main putting: 903
Main putting: 904
Main putting: 905
Main putting: 906
Main putting: 907
Main putting: 908
Main putting: 909
Main putting: 910
Main putting: 911
Main putting: 912
Main putting: 913
Main putting: 914
Main putting: 915
Main putting: 916
Main putting: 917
Main putting: 918
Main putting: 919
Main putting: 920
Main putting: 921
Main putting: 922
Main putting: 923
Main putting: 924
Main putting: 925
Main putting: 926
Main putting: 927
Main putting: 928
Main putting: 929
Main putting: 930
Main putting: 931
Main putting: 932
Main putting: 933
Main putting: 934
Main putting: 935
Main putting: 936
Main putting: 937
Main putting: 938
Main putting: 939
Main putting: 940
Main putting: 941
Main putting: 942
Main putting: 943
Main putting: 944
Main putting: 945
Main putting: 946
Main putting: 947
Main putting: 948
Main putting: 949
Main putting: 950
Main putting: 951
Main putting: 952
Main putting: 953
Main putting: 954
Main putting: 955
Main putting: 956
Main putting: 957
Main putting: 958
Main putting: 959
Main putting: 960
Main putting: 961
Main putting: 962
Main putting: 963
Main putting: 964
Main putting: 965
Main putting: 966
Main putting: 967
Main putting: 968
Main putting: 969
Main putting: 970
Main putting: 971
Main putting: 972
Main putting: 973
Main putting: 974
Main putting: 975
Main putting: 976
Main putting: 977
Main putting: 978
Main putting: 979
Main putting: 980
Main putting: 981
Main putting: 982
Main putting: 983
Main putting: 984
Main putting: 985
Main putting: 986
Main putting: 987
Main putting: 988
Main putting: 989
Main putting: 990
Main putting: 991
Main putting: 992
Main putting: 993
Main putting: 994
Main putting: 995
Main putting: 996
Main putting: 997
Main putting: 998
Main putting: 999
