Itr(99)
Itr(98)
Itr(97)
Itr(96)
Itr(95)
Itr(94)
Itr(93)
Itr(92)
Itr(91)
Itr(90)
Itr(89)
Itr(88)
Itr(87)
Itr(86)
Itr(85)
Itr(84)
Itr(83)
Itr(82)
Itr(81)
Itr(80)
Itr(79)
Itr(78)
Itr(77)
Itr(76)
Itr(75)
Itr(74)
Itr(73)
Itr(72)
Itr(71)
Itr(70)
Itr(69)
Itr(68)
Itr(67)
Itr(66)
Itr(65)
Itr(64)
Itr(63)
Itr(62)
Itr(61)
Itr(60)
Itr(59)
Itr(58)
Itr(57)
Itr(56)
Itr(55)
Itr(54)
Itr(53)
Itr(52)
Itr(51)
Itr(50)
Itr(49)
Itr(48)
Itr(47)
Itr(46)
Itr(45)
Itr(44)
Itr(43)
Itr(42)
Itr(41)
Itr(40)
Itr(39)
Itr(38)
Itr(37)
Itr(36)
Itr(35)
Itr(34)
Itr(33)
Itr(32)
Itr(31)
Itr(30)
Itr(29)
Itr(28)
Itr(27)
Itr(26)
Itr(25)
Itr(24)
Itr(23)
Itr(22)
Itr(21)
Itr(20)
Itr(19)
Itr(18)
Itr(17)
Itr(16)
Itr(15)
Itr(14)
Itr(13)
Itr(12)
Itr(11)
Itr(10)
Itr(9)
Itr(8)
Itr(7)
Itr(6)
Itr(5)
Itr(4)
Itr(3)
Itr(2)
Itr(1)
Itr(0)
